  Determining projects to restore...
  All projects are up-to-date for restore.
  BusinessObject -> D:\Ky7\PRN222\LearnMateMain\New folder\Learnmate\BusinessObject\bin\Debug\net8.0\BusinessObject.dll
  DataAccessLayer -> D:\Ky7\PRN222\LearnMateMain\New folder\Learnmate\DataAccessLayer\bin\Debug\net8.0\DataAccessLayer.dll
D:\Ky7\PRN222\LearnMateMain\New folder\Learnmate\BusinessLogicLayer\Services\Assignment\TeacherAssignmentService.cs(158,39): warning CS8625: Cannot convert null literal to non-nullable reference type. [D:\Ky7\PRN222\LearnMateMain\New folder\Learnmate\BusinessLogicLayer\BusinessLogicLayer.csproj]
D:\Ky7\PRN222\LearnMateMain\New folder\Learnmate\BusinessLogicLayer\Services\Identity\TeacherComplianceService.cs(49,39): warning CS8625: Cannot convert null literal to non-nullable reference type. [D:\Ky7\PRN222\LearnMateMain\New folder\Learnmate\BusinessLogicLayer\BusinessLogicLayer.csproj]
D:\Ky7\PRN222\LearnMateMain\New folder\Learnmate\BusinessLogicLayer\Services\ClassManagement\TeacherCourseService.cs(103,13): error CS0103: The name 'dto' does not exist in the current context [D:\Ky7\PRN222\LearnMateMain\New folder\Learnmate\BusinessLogicLayer\BusinessLogicLayer.csproj]
D:\Ky7\PRN222\LearnMateMain\New folder\Learnmate\BusinessLogicLayer\Services\ClassManagement\TeacherCourseService.cs(116,16): error CS0103: The name 'dto' does not exist in the current context [D:\Ky7\PRN222\LearnMateMain\New folder\Learnmate\BusinessLogicLayer\BusinessLogicLayer.csproj]
D:\Ky7\PRN222\LearnMateMain\New folder\Learnmate\BusinessLogicLayer\Services\ClassManagement\TeacherCourseService.cs(101,9): warning CS0162: Unreachable code detected [D:\Ky7\PRN222\LearnMateMain\New folder\Learnmate\BusinessLogicLayer\BusinessLogicLayer.csproj]
D:\Ky7\PRN222\LearnMateMain\New folder\Learnmate\BusinessLogicLayer\Services\Identity\TeacherProfileService.cs(57,31): warning CS8601: Possible null reference assignment. [D:\Ky7\PRN222\LearnMateMain\New folder\Learnmate\BusinessLogicLayer\BusinessLogicLayer.csproj]
D:\Ky7\PRN222\LearnMateMain\New folder\Learnmate\BusinessLogicLayer\Services\Identity\TeacherProfileService.cs(80,39): warning CS8625: Cannot convert null literal to non-nullable reference type. [D:\Ky7\PRN222\LearnMateMain\New folder\Learnmate\BusinessLogicLayer\BusinessLogicLayer.csproj]
D:\Ky7\PRN222\LearnMateMain\New folder\Learnmate\BusinessLogicLayer\Services\Identity\TeacherProfileService.cs(95,39): warning CS8625: Cannot convert null literal to non-nullable reference type. [D:\Ky7\PRN222\LearnMateMain\New folder\Learnmate\BusinessLogicLayer\BusinessLogicLayer.csproj]
D:\Ky7\PRN222\LearnMateMain\New folder\Learnmate\BusinessLogicLayer\Services\Identity\TeacherComplianceService.cs(94,39): warning CS8625: Cannot convert null literal to non-nullable reference type. [D:\Ky7\PRN222\LearnMateMain\New folder\Learnmate\BusinessLogicLayer\BusinessLogicLayer.csproj]
D:\Ky7\PRN222\LearnMateMain\New folder\Learnmate\BusinessLogicLayer\Services\Teacher\Schedules\TeacherScheduleService.cs(160,39): warning CS8625: Cannot convert null literal to non-nullable reference type. [D:\Ky7\PRN222\LearnMateMain\New folder\Learnmate\BusinessLogicLayer\BusinessLogicLayer.csproj]
D:\Ky7\PRN222\LearnMateMain\New folder\Learnmate\BusinessLogicLayer\Services\Teacher\Schedules\TeacherScheduleService.cs(241,39): warning CS8625: Cannot convert null literal to non-nullable reference type. [D:\Ky7\PRN222\LearnMateMain\New folder\Learnmate\BusinessLogicLayer\BusinessLogicLayer.csproj]
D:\Ky7\PRN222\LearnMateMain\New folder\Learnmate\BusinessLogicLayer\Services\ClassManagement\TeacherCourseService.cs(246,69): warning CS8604: Possible null reference argument for parameter 'objectPath' in 'Task<string> IFileStorageService.GetUrlAsync(string objectPath, int expirySeconds = 604800, CancellationToken ct = default(CancellationToken))'. [D:\Ky7\PRN222\LearnMateMain\New folder\Learnmate\BusinessLogicLayer\BusinessLogicLayer.csproj]

Build FAILED.

D:\Ky7\PRN222\LearnMateMain\New folder\Learnmate\BusinessLogicLayer\Services\Assignment\TeacherAssignmentService.cs(158,39): warning CS8625: Cannot convert null literal to non-nullable reference type. [D:\Ky7\PRN222\LearnMateMain\New folder\Learnmate\BusinessLogicLayer\BusinessLogicLayer.csproj]
D:\Ky7\PRN222\LearnMateMain\New folder\Learnmate\BusinessLogicLayer\Services\Identity\TeacherComplianceService.cs(49,39): warning CS8625: Cannot convert null literal to non-nullable reference type. [D:\Ky7\PRN222\LearnMateMain\New folder\Learnmate\BusinessLogicLayer\BusinessLogicLayer.csproj]
D:\Ky7\PRN222\LearnMateMain\New folder\Learnmate\BusinessLogicLayer\Services\ClassManagement\TeacherCourseService.cs(101,9): warning CS0162: Unreachable code detected [D:\Ky7\PRN222\LearnMateMain\New folder\Learnmate\BusinessLogicLayer\BusinessLogicLayer.csproj]
D:\Ky7\PRN222\LearnMateMain\New folder\Learnmate\BusinessLogicLayer\Services\Identity\TeacherProfileService.cs(57,31): warning CS8601: Possible null reference assignment. [D:\Ky7\PRN222\LearnMateMain\New folder\Learnmate\BusinessLogicLayer\BusinessLogicLayer.csproj]
D:\Ky7\PRN222\LearnMateMain\New folder\Learnmate\BusinessLogicLayer\Services\Identity\TeacherProfileService.cs(80,39): warning CS8625: Cannot convert null literal to non-nullable reference type. [D:\Ky7\PRN222\LearnMateMain\New folder\Learnmate\BusinessLogicLayer\BusinessLogicLayer.csproj]
D:\Ky7\PRN222\LearnMateMain\New folder\Learnmate\BusinessLogicLayer\Services\Identity\TeacherProfileService.cs(95,39): warning CS8625: Cannot convert null literal to non-nullable reference type. [D:\Ky7\PRN222\LearnMateMain\New folder\Learnmate\BusinessLogicLayer\BusinessLogicLayer.csproj]
D:\Ky7\PRN222\LearnMateMain\New folder\Learnmate\BusinessLogicLayer\Services\Identity\TeacherComplianceService.cs(94,39): warning CS8625: Cannot convert null literal to non-nullable reference type. [D:\Ky7\PRN222\LearnMateMain\New folder\Learnmate\BusinessLogicLayer\BusinessLogicLayer.csproj]
D:\Ky7\PRN222\LearnMateMain\New folder\Learnmate\BusinessLogicLayer\Services\Teacher\Schedules\TeacherScheduleService.cs(160,39): warning CS8625: Cannot convert null literal to non-nullable reference type. [D:\Ky7\PRN222\LearnMateMain\New folder\Learnmate\BusinessLogicLayer\BusinessLogicLayer.csproj]
D:\Ky7\PRN222\LearnMateMain\New folder\Learnmate\BusinessLogicLayer\Services\Teacher\Schedules\TeacherScheduleService.cs(241,39): warning CS8625: Cannot convert null literal to non-nullable reference type. [D:\Ky7\PRN222\LearnMateMain\New folder\Learnmate\BusinessLogicLayer\BusinessLogicLayer.csproj]
D:\Ky7\PRN222\LearnMateMain\New folder\Learnmate\BusinessLogicLayer\Services\ClassManagement\TeacherCourseService.cs(246,69): warning CS8604: Possible null reference argument for parameter 'objectPath' in 'Task<string> IFileStorageService.GetUrlAsync(string objectPath, int expirySeconds = 604800, CancellationToken ct = default(CancellationToken))'. [D:\Ky7\PRN222\LearnMateMain\New folder\Learnmate\BusinessLogicLayer\BusinessLogicLayer.csproj]
D:\Ky7\PRN222\LearnMateMain\New folder\Learnmate\BusinessLogicLayer\Services\ClassManagement\TeacherCourseService.cs(103,13): error CS0103: The name 'dto' does not exist in the current context [D:\Ky7\PRN222\LearnMateMain\New folder\Learnmate\BusinessLogicLayer\BusinessLogicLayer.csproj]
D:\Ky7\PRN222\LearnMateMain\New folder\Learnmate\BusinessLogicLayer\Services\ClassManagement\TeacherCourseService.cs(116,16): error CS0103: The name 'dto' does not exist in the current context [D:\Ky7\PRN222\LearnMateMain\New folder\Learnmate\BusinessLogicLayer\BusinessLogicLayer.csproj]
    10 Warning(s)
    2 Error(s)

Time Elapsed 00:00:00.77
